============================= test session starts =============================
platform win32 -- Python 3.13.12, pytest-9.0.3, pluggy-1.6.0
rootdir: D:\OneDrive - HKUST Connect\桌面\Multi Factor
collected 212 items

test_factor_framework.py ............................................... [ 22%]
........................................................................ [ 56%]
........................................................................ [ 90%]
.....................                                                    [100%]

============================== warnings summary ===============================
test_factor_framework.py::TestICAnalysis::test_ic_decay_shape
  D:\OneDrive - HKUST Connect\桌面\Multi Factor\test_factor_framework.py:742: UserWarning: [ic_decay] 已截断 price_panel 末尾 10 行（原 120 行 → 截后 110 行），防止 shift(-fwd) 引入未来价格数据（前瞻偏差）。
    decay_df    = ic_decay(factor_panel, price_panel,

test_factor_framework.py::TestPipeline::test_run_returns_report
  D:\OneDrive - HKUST Connect\桌面\Multi Factor\factor_framework\pipeline.py:324: UserWarning: [尾部截断] return_panel 末尾 21 个交易日因 forward=21 天 shift 导致收益率全为 NaN，已同步截断 factor_panel 的对应行以避免无效计算。
    warnings.warn(

test_factor_framework.py::TestPipeline::test_run_returns_report
  D:\OneDrive - HKUST Connect\桌面\Multi Factor\factor_framework\pipeline.py:371: UserWarning: [ic_decay] 已截断 price_panel 末尾 5 行（原 728 行 → 截后 723 行），防止 shift(-fwd) 引入未来价格数据（前瞻偏差）。
    ic_decay_df = ic_decay(factor_panel, close_panel, forward_periods=ic_forward_list, method=ic_method)

test_factor_framework.py::TestPipeline::test_report_has_ic_stats
test_factor_framework.py::TestPipeline::test_report_save
test_factor_framework.py::TestPipeline::test_run_batch_returns_dataframe
test_factor_framework.py::TestPipeline::test_run_batch_returns_dataframe
test_factor_framework.py::TestPipeline::test_report_print_summary
  D:\OneDrive - HKUST Connect\桌面\Multi Factor\factor_framework\pipeline.py:324: UserWarning: [尾部截断] return_panel 末尾 5 个交易日因 forward=5 天 shift 导致收益率全为 NaN，已同步截断 factor_panel 的对应行以避免无效计算。
    warnings.warn(

test_factor_framework.py::TestPipeline::test_report_has_ic_stats
  D:\OneDrive - HKUST Connect\桌面\Multi Factor\factor_framework\pipeline.py:371: UserWarning: [ic_decay] 已截断 price_panel 末尾 5 行（原 485 行 → 截后 480 行），防止 shift(-fwd) 引入未来价格数据（前瞻偏差）。
    ic_decay_df = ic_decay(factor_panel, close_panel, forward_periods=ic_forward_list, method=ic_method)

test_factor_framework.py::TestPipeline::test_report_save
test_factor_framework.py::TestPipeline::test_run_batch_returns_dataframe
test_factor_framework.py::TestPipeline::test_run_batch_returns_dataframe
test_factor_framework.py::TestPipeline::test_report_print_summary
  D:\OneDrive - HKUST Connect\桌面\Multi Factor\factor_framework\pipeline.py:371: UserWarning: [ic_decay] 已截断 price_panel 末尾 1 行（原 485 行 → 截后 484 行），防止 shift(-fwd) 引入未来价格数据（前瞻偏差）。
    ic_decay_df = ic_decay(factor_panel, close_panel, forward_periods=ic_forward_list, method=ic_method)

test_factor_framework.py::TestFactorEngineCompileCache::test_resolve_compile_target_numba
  D:\OneDrive - HKUST Connect\桌面\Multi Factor\factor_framework\factor_engine.py:209: UserWarning: stock_basic 文件不存在: C:\Users\Administrator\AppData\Local\Temp\pytest-of-Administrator\pytest-23\test_resolve_compile_target_nu0\sb.csv
    warnings.warn(f"stock_basic 文件不存在: {self.stock_basic}")

test_factor_framework.py::TestFactorEngineCompileCache::test_compile_cache_populated_after_compute
  D:\OneDrive - HKUST Connect\桌面\Multi Factor\factor_framework\factor_engine.py:209: UserWarning: stock_basic 文件不存在: C:\Users\Administrator\AppData\Local\Temp\pytest-of-Administrator\pytest-23\test_compile_cache_populated_a0\sb.csv
    warnings.warn(f"stock_basic 文件不存在: {self.stock_basic}")

test_factor_framework.py::TestFactorEngineCompileCache::test_clear_cache_resets_compile_cache
  D:\OneDrive - HKUST Connect\桌面\Multi Factor\factor_framework\factor_engine.py:209: UserWarning: stock_basic 文件不存在: C:\Users\Administrator\AppData\Local\Temp\pytest-of-Administrator\pytest-23\test_clear_cache_resets_compil0\sb.csv
    warnings.warn(f"stock_basic 文件不存在: {self.stock_basic}")

test_factor_framework.py::TestFactorEngineCompileCache::test_compile_report_returns_dataframe
  D:\OneDrive - HKUST Connect\桌面\Multi Factor\factor_framework\factor_engine.py:209: UserWarning: stock_basic 文件不存在: C:\Users\Administrator\AppData\Local\Temp\pytest-of-Administrator\pytest-23\test_compile_report_returns_da0\sb.csv
    warnings.warn(f"stock_basic 文件不存在: {self.stock_basic}")

test_factor_framework.py::TestFactorEngineCompileCache::test_compile_report_all_targets_valid
  D:\OneDrive - HKUST Connect\桌面\Multi Factor\factor_framework\factor_engine.py:209: UserWarning: stock_basic 文件不存在: C:\Users\Administrator\AppData\Local\Temp\pytest-of-Administrator\pytest-23\test_compile_report_all_target0\sb.csv
    warnings.warn(f"stock_basic 文件不存在: {self.stock_basic}")

-- Docs: https://docs.pytest.org/en/stable/how-to/capture-warnings.html
====================== 212 passed, 18 warnings in 9.51s =======================
